// Jest Snapshot v1, https://goo.gl/fbAQLP

exports[`Pruebas en <DeleteEventFab /> debe mostrarseccorrectamente 1`] = `
<button
  className="btn btn-danger fab-danger"
  onClick={[Function]}
>
  <i
    className="fas fa-trash"
  >
    <span>
       Borrar evento
    </span>
  </i>
</button>
`;
